// Jest Snapshot v1, https://goo.gl/fbAQLP

exports[`renders 1`] = `
<div
  style="opacity: 0;"
>
  <div>
    something
  </div>
</div>
`;
