// Jest Snapshot v1, https://goo.gl/fbAQLP

exports[`renders 1`] = `
.c0 {
  margin: 3rem 0;
}

<div
  class="c0"
/>
`;
