// Jest Snapshot v1, https://goo.gl/fbAQLP

exports[`OptionsHandler renders 1`] = `
<div>
  something
</div>
`;
