// Jest Snapshot v1, https://goo.gl/fbAQLP

exports[`Stage renders 1`] = `
.c0 {
  margin: 0 auto 1rem;
  color: #2f3237;
  font-size: 1.5rem;
  line-height: 1.75;
  font-weight: normal;
}

.c1 {
  position: relative;
  font-weight: 800;
}

.c1::after {
  position: absolute;
  left: 0;
  bottom: 0;
  height: 0.5rem;
  width: 100%;
  content: '';
  background-color: #ccf2f0;
  z-index: -1;
  -webkit-transition: all 0.5s;
  transition: all 0.5s;
  -webkit-transform-origin: left top;
  -ms-transform-origin: left top;
  transform-origin: left top;
  -webkit-transform: scale(0,1);
  -ms-transform: scale(0,1);
  transform: scale(0,1);
}

.c1.mounted::after {
  -webkit-transform: scale(1,1);
  -ms-transform: scale(1,1);
  transform: scale(1,1);
}

.c2 {
  margin: 3rem 0;
}

.c3 {
  width: 13rem;
  max-width: 100%;
  height: 3.25rem;
  border: 1px solid #d43f43;
  padding: 0.5rem 1rem;
  color: #d43f43;
  background-color: #fff;
  -webkit-transition: all 0.25s ease-in;
  transition: all 0.25s ease-in;
}

.c3:hover,
.c3:focus {
  color: #fff;
  background-color: #d43f43;
}

.c3:active {
  -webkit-transform: scale(0.98);
  -ms-transform: scale(0.98);
  transform: scale(0.98);
  -webkit-transition: none;
  transition: none;
}

.c3:focus {
  box-shadow: 0 0 0 3px #f2f0ee,0 0 0 5px #d43f43;
}

<div
  style="opacity: 0;"
>
  <h1
    class="c0"
  >
    
    <span
      class="c1"
    />
    ?
  </h1>
  <div
    class="c2"
  />
  <button
    class="c3"
    title="Next"
    type="button"
  >
    â†’
  </button>
</div>
`;
