// Jest Snapshot v1, https://goo.gl/fbAQLP

exports[`SubmitSelectionsButton renders 1`] = `
.c0 {
  width: 13rem;
  max-width: 100%;
  height: 3.25rem;
  border: 1px solid #d43f43;
  padding: 0.5rem 1rem;
  color: #d43f43;
  background-color: #fff;
  -webkit-transition: all 0.25s ease-in;
  transition: all 0.25s ease-in;
}

.c0:hover,
.c0:focus {
  color: #fff;
  background-color: #d43f43;
}

.c0:active {
  -webkit-transform: scale(0.98);
  -ms-transform: scale(0.98);
  transform: scale(0.98);
  -webkit-transition: none;
  transition: none;
}

.c0:focus {
  box-shadow: 0 0 0 3px #f2f0ee,0 0 0 5px #d43f43;
}

<button
  class="c0"
  title="Next"
  type="button"
>
  â†’
</button>
`;
